// Jest Snapshot v1, https://goo.gl/fbAQLP

exports[`Test AddHouse Component it renders correctly 1`] = `
<div
  className="res-container"
>
  <section
    className="container w-100 h-100 d-flex justify-content-center align-items-center"
  >
    <div>
      <div
        className="col-md-10 w-100 "
      >
        <h1
          className="title"
        >
          Add New House
        </h1>
        <form
          className="w-100 mt-5 d-flex add-form"
          onSubmit={[Function]}
        >
          <div
            className="mb-3"
          >
            <label
              className="form-label"
              htmlFor="housename"
            >
              <input
                className="form-control"
                id="housename"
                name="name"
                onChange={[Function]}
                placeholder="Enter House Name"
                type="text"
                value=""
              />
            </label>
          </div>
          <div
            className="mb-3"
          >
            <label
              className="form-label"
              htmlFor="housearea"
            >
              <input
                className="form-control"
                id="housearea"
                name="area"
                onChange={[Function]}
                placeholder="Enter House area"
                type="number"
                value=""
              />
            </label>
          </div>
          <div
            className="mb-3"
          >
            <label
              className="form-label"
              htmlFor="houseprice"
            >
              <input
                className="form-control"
                id="houseprice"
                name="price"
                onChange={[Function]}
                placeholder="Enter House Price"
                type="number"
                value=""
              />
            </label>
          </div>
          <div
            className="mb-3"
          >
            <label
              className="form-label"
              htmlFor="housedescription"
            >
              <input
                className="form-control"
                id="housedescription"
                name="description"
                onChange={[Function]}
                placeholder="Enter House Description"
                type="text"
                value=""
              />
            </label>
          </div>
          <div
            className="mb-3"
          >
            <label
              className="form-label"
              htmlFor="housenumber_of_rooms"
            >
              <input
                className="form-control"
                id="housenumber_of_rooms"
                name="number_of_rooms"
                onChange={[Function]}
                placeholder="Enter Number of Rooms"
                type="number"
                value=""
              />
            </label>
          </div>
          <div
            className="mb-3"
          >
            <label
              className="form-label"
              htmlFor="houselocation"
            >
              <input
                className="form-control"
                id="houselocation"
                name="location"
                onChange={[Function]}
                placeholder="Enter the location of the house"
                type="text"
                value=""
              />
            </label>
          </div>
          <div
            className="mb-3"
          >
            <label
              className="form-label"
              htmlFor="houseImage"
            >
              <input
                className="form-control"
                id="houseImage"
                name="image"
                onBlur={[Function]}
                onChange={[Function]}
                placeholder="Enter the URL of house"
                type="text"
                value=""
              />
            </label>
          </div>
          <button
            className="btn btn-primary"
            type="submit"
          >
            Add House
          </button>
        </form>
      </div>
    </div>
  </section>
</div>
`;
