// Jest Snapshot v1, https://goo.gl/fbAQLP

exports[`Test Delete Component it renders correctly 1`] = `
<div>
  <section
    className="houses"
  >
    <div
      className="header"
    >
      <h2>
        Need to delete your house?
      </h2>
      <p>
        After deleting others can not reserve your house
      </p>
    </div>
    <p>
      You have no houses yet. Add a new house.
    </p>
  </section>
</div>
`;
